Godot Engine v4.7.2.stable.official.ed1daf0bf - https://godotengine.org
Vulkan 1.4.351 - Forward Mobile - Using Device #0: NVIDIA - NVIDIA GeForce RTX 4090 Laptop GPU

[ASHBOUND] GameManager инициализирован
[ASHBOUND] FactionManager инициализирован
[ASHBOUND] QuestManager инициализирован
[ASHBOUND] DialogueSystem инициализирован
[ASHBOUND] InventorySystem инициализирован
[ASHBOUND] Получен предмет: Дорожный рюкзак x1
ASHBOUND_COURTYARD_READY
ASHBOUND_FIST_SANDBOX_TECHNIQUE=novice
ASHBOUND_CORNER_SESSION_READY
ASHBOUND_FIST_SANDBOX_READY
ASHBOUND_FIST_SANDBOX_TECHNIQUE=trained
ASHBOUND_CORNER_ENEMIES_READY
ASHBOUND_COMBAT_FEEDBACK_READY
ASHBOUND_PAINTED_COMBAT_READY
ASHBOUND_GUARD_PHASES_READY
ASHBOUND_COMBAT_DODGE_READY
ASHBOUND_FIST_SANDBOX_TECHNIQUE=trained
ASHBOUND_DEFENSE_RESULT result=hit count=1
ASHBOUND_FIST_SANDBOX_TECHNIQUE=trained
ASHBOUND_DEFENSE_RESULT result=block count=1
ASHBOUND_FIST_SANDBOX_TECHNIQUE=trained
ASHBOUND_DEFENSE_RESULT result=perfect_block count=1
ASHBOUND_FIST_SANDBOX_TECHNIQUE=trained
ASHBOUND_ENEMY_HERO_HIT kind=guard
ASHBOUND_FIST_SANDBOX_STRIKE count=1
ASHBOUND_FIST_SANDBOX_TECHNIQUE=trained
ASHBOUND_DODGE_STARTED (0.0, 0.0, 1.0)
ASHBOUND_DEFENSE_RESULT result=miss count=1
ASHBOUND_FIST_SANDBOX_TECHNIQUE=trained
ASHBOUND_DEFENSE_RESULT result=hit count=1
ASHBOUND_FIST_SANDBOX_TECHNIQUE=trained
ASHBOUND_DEFENSE_RESULT result=block count=1
ASHBOUND_FIST_SANDBOX_TECHNIQUE=trained
ASHBOUND_DEFENSE_RESULT result=perfect_block count=1
ASHBOUND_FIST_SANDBOX_TECHNIQUE=trained
ASHBOUND_ENEMY_HERO_HIT kind=wolf
ASHBOUND_FIST_SANDBOX_STRIKE count=2
ASHBOUND_FIST_SANDBOX_TECHNIQUE=trained
ASHBOUND_DODGE_STARTED (0.0, 0.0, 1.0)
ASHBOUND_DEFENSE_RESULT result=miss count=1
ASHBOUND_CONS_CAPTURE_OK captures=1200 motion=true
