Godot Engine v4.7.2.stable.official.ed1daf0bf - https://godotengine.org
Vulkan 1.4.351 - Forward Mobile - Using Device #0: NVIDIA - NVIDIA GeForce RTX 4090 Laptop GPU

[ASHBOUND] GameManager инициализирован
[ASHBOUND] FactionManager инициализирован
[ASHBOUND] QuestManager инициализирован
[ASHBOUND] DialogueSystem инициализирован
[ASHBOUND] InventorySystem инициализирован
VILLAGE_WALKTHROUGH_READY version=0.22.1 buildings=3
VILLAGE_PROPS_READY count=14
VILLAGE_DRESSING trees=280 grass=2015 fern=206
VILLAGE_SETTLEMENT_READY version=0.23.5 houses=3 trees=280
VILLAGE_RAIN_READY cover=226x176 drops=1100 splashes=180
ATMOSPHERE_STATE_COMPLETE
VILLAGE_SURFACES_CONTRACT_COMPLETE
VILLAGE_MATERIALS_CONTRACT_COMPLETE
ATMOSPHERE_COVER_COMPLETE
ATMOSPHERE_INPUT_COMPLETE
ATMOSPHERE_ROUTE_COMPLETE H01
ATMOSPHERE_ROUTE_COMPLETE W01
ATMOSPHERE_ROUTE_COMPLETE B01
ATMOSPHERE_PERFORMANCE_COMPLETE clear {"frames":778,"p50_ms":16.6666666666667,"p95_ms":16.6666666666667}
ATMOSPHERE_PERFORMANCE_COMPLETE storm {"frames":778,"p50_ms":16.6666666666667,"p95_ms":16.6666666666667}
ATMOSPHERE_QA_COMPLETE {"checks":408,"completed":["H01","W01","B01"],"failures":[],"metrics":{"clear":{"frames":778,"p50_ms":16.6666666666667,"p95_ms":16.6666666666667},"storm":{"frames":778,"p50_ms":16.6666666666667,"p95_ms":16.6666666666667}},"platform":"Windows","renderer":"mobile","version":"0.23.5"}
